// Jest Snapshot v1, https://goo.gl/fbAQLP

exports[`Header should render 1`] = `
<Fragment>
  <Box
    alignItems="center"
    background="WHITE"
    dataAttr={
      Object {
        "data-e2e-id": "header",
      }
    }
    height="60px"
    justifyContent="center"
    position="sticky"
    top="0"
  >
    <Text
      color="MAIN_RED"
      fontSize="fs16"
      fontWeight="fw700"
    >
      newsfeed
    </Text>
  </Box>
  <Divider />
</Fragment>
`;
