// Jest Snapshot v1, https://goo.gl/fbAQLP

exports[`ProductCard should render 1`] = `
<Box
  display="block"
  gridArea="main"
  margin="s20"
>
  <Grid
    gridProducts={true}
  >
    <ProductCard
      imageUrl="__IMAGE_URL__"
      key="id"
      price="100"
      productUrl="__URL__"
      shop="__SHOP__"
      title="__TITLE__"
    />
    <Box
      bottom="200px"
      position="relative"
    />
  </Grid>
</Box>
`;
