// Jest Snapshot v1, https://goo.gl/fbAQLP

exports[`App renders 1`] = `
<main
  className="main"
>
  <Header
    text="Compara technica"
  />
  <div
    className="underline"
  />
  <Box>
    Heyy
  </Box>
  <div
    className="formContainer"
  >
    <form
      method="post"
      onSubmit={[Function]}
    >
      <input
        name="search"
        onChange={[Function]}
        type="text"
        value=""
      />
      <button
        type="submit"
        value="onSubmit"
      >
        Button
      </button>
    </form>
  </div>
</main>
`;
