// Jest Snapshot v1, https://goo.gl/fbAQLP

exports[`MenuItem should render 1`] = `
<Box
  cursor="pointer"
  flexDirection="column"
  marginRight="60px"
  width="200px"
>
  <Image
    alt="menu-image"
    height="134px"
    src="/__SRC__"
  />
  <Box
    justifyContent="center"
    width="100%"
  >
    <H3>
      __TEXT__
    </H3>
  </Box>
</Box>
`;
