// Jest Snapshot v1, https://goo.gl/fbAQLP

exports[`Home should render 1`] = `
<Fragment>
  <Header />
  <Box
    flexDirection="column"
    height="100%"
  >
    <Box
      background="BACKGROUND"
      display="block"
      flexDirection="column"
      flexGrow="gr1"
      marginBottom="s24"
    >
      <SearchResult />
    </Box>
  </Box>
</Fragment>
`;
