// Jest Snapshot v1, https://goo.gl/fbAQLP

exports[`Home should render 1`] = `
<Box
  flexDirection="column"
  height="100%"
>
  <Grid
    flexGrow="gr1"
    main={true}
  >
    <Header />
    <Box
      flexDirection="column"
      gridArea="body"
    >
      <Box
        background="BACKGROUND"
        display="block"
        flexDirection="column"
        flexGrow="gr1"
        marginBottom="s24"
      >
        <SearchResult />
      </Box>
    </Box>
  </Grid>
</Box>
`;
