// Jest Snapshot v1, https://goo.gl/fbAQLP

exports[`Box should render 1`] = `
<div
  className="root"
  style={Object {}}
>
  <div />
</div>
`;

exports[`Box should render with attributes 1`] = `
<div
  className="root background-BACKGROUND"
  style={
    Object {
      "height": "10px",
      "maxWidth": "10px",
      "minHeight": "10px",
      "width": "10px",
    }
  }
>
  <div />
</div>
`;
