// Jest Snapshot v1, https://goo.gl/fbAQLP

exports[`Menu should render 1`] = `
<Box
  justifyContent="center"
  width="100%"
>
  <MenuItem
    onClick={[Function]}
    src="test-file-stub"
    text="Televisions"
  />
  <MenuItem
    onClick={[Function]}
    src="test-file-stub"
    text="Refrigerators"
  />
</Box>
`;
