// Jest Snapshot v1, https://goo.gl/fbAQLP

exports[`Menu should render 1`] = `
<Box
  justifyContent="center"
  marginBottom="s32"
  marginTop="s20"
  width="100%"
>
  <MenuItem
    dataAttr={
      Object {
        "data-e2e-id": "menuItem.tv",
      }
    }
    onClick={[Function]}
    src="test-file-stub"
    text="Телевизоры"
  />
  <MenuItem
    dataAttr={
      Object {
        "data-e2e-id": "menuItem.fridge",
      }
    }
    onClick={[Function]}
    src="test-file-stub"
    text="Холодильники"
  />
</Box>
`;
